[dotenv@17.3.1] injecting env (0) from .env -- tip: 🔐 prevent committing .env to code: https://dotenvx.com/precommit


  LandRegistry
    Registration
      ✔ Should register new land
      ✔ Only registrar can approve land
    Transfers
      1) Should initiate transfer
      ✔ Should complete transfer after accept and approve
    Disputes
      2) Should raise dispute and freeze parcel
      ✔ Should resolve dispute


  4 passing (704ms)
  2 failing

  1) LandRegistry
       Transfers
         Should initiate transfer:

      AssertionError: expected 1 to equal 0.
      + expected - actual

      -1
      +0
      
      at Context.<anonymous> (test\LandRegistry.test.ts:65:40)

  2) LandRegistry
       Disputes
         Should raise dispute and freeze parcel:
     AssertionError: Expected transaction to be reverted with reason 'Parcel is not approved', but it reverted with reason 'Not approved'
      at async Context.<anonymous> (test\LandRegistry.test.ts:95:13)



